ASxxxx Linker V03.00 + NoICE + sdld,  page 1.
Hexadecimal  [32-Bits]

Area                                    Addr        Size        Decimal Bytes (Attributes)
--------------------------------        ----        ----        ------- ----- ------------
.  .ABS.                            00000000    00000000 =           0. bytes (ABS,CON)

      Value  Global                              Global Defined In Module
      -----  --------------------------------   ------------------------
     00000000  .__.ABS.                           
     00000000  l__CABS                         
     00000000  l__DABS                         
     00000000  l__GSINIT                       
     00000000  l__HEADER                       
     00000000  l__HEAP                         
     00000000  l__HOME                         
     00000000  l__INITIALIZED                  
     00000000  l__INITIALIZER                  
     00000000  s__CABS                         
     00000000  s__DABS                         
     00000000  s__HEADER                       
     00000000  s__HEADER0                      
     00000001  l__GSFINAL                      
     00000078  l__HEADER0                      
     00000083  l__DATA                         
     00000178  s__CODE                         
     000005FF  l__CODE                         
     00000777  s__DATA                         
     000007FA  s__GSFINAL                      
     000007FA  s__GSINIT                       
     000007FB  s__HEAP                         
     000007FB  s__HOME                         
     000007FB  s__INITIALIZED                  
     000007FB  s__INITIALIZER                  

ASxxxx Linker V03.00 + NoICE + sdld,  page 2.
Hexadecimal  [32-Bits]

Area                                    Addr        Size        Decimal Bytes (Attributes)
--------------------------------        ----        ----        ------- ----- ------------
_CODE                               00000178    000005FF =        1535. bytes (REL,CON)

      Value  Global                              Global Defined In Module
      -----  --------------------------------   ------------------------
     00000178  _putchar                           
     00000183  _getchar                           
     00000189  _open                              
     000001A3  _creat                             
     000001BD  _close                             
     000001D7  _block_read                        
     000001F1  _block_set_data_ptr                
     0000020B  _block_write                       
     00000225  _exit                              
     00000238  _vdp_set_screen5                   
     00000261  _vdp_set_text                      
     00000273  _vdp_load_palette                  
     00000292  _vdp_set_write_address             
     000002C1  _vdp_set_read_address              
     000002EE  _vdp_load_screen                   
     00000308  _vdp_copy                          
     0000035D  _aux_vdp_copy                      
     000003AF  _puts                              conio
     000003C1  _puthex                            conio
     0000040D  _puthex8                           conio
     0000041F  _puthex16                          conio
     0000042E  _putdec                            conio
     00000486  _putdec8                           conio
     00000498  _putdec16                          conio
     000004A7  _strcat                            demo
     000004D7  _ge5_load                          demo
     0000061F  _main                              demo
     0000065D  __divuint                          
     00000665  __divuchar                         
     0000066C  __divu8                            
     0000066F  __divu16                           
     0000069E  _memset                            _memset
     000006C9  _memcpy                            _memcpy
     00000718  __moduchar                         
     00000724  __moduint                          
     0000072F  __divsint                          
     00000738  __divschar                         
     0000073F  __div8                             
     00000743  __div_signexte                     
     00000747  __div16                            
     0000076D  __get_remainder                    

ASxxxx Linker V03.00 + NoICE + sdld,  page 3.
Hexadecimal  [32-Bits]

Area                                    Addr        Size        Decimal Bytes (Attributes)
--------------------------------        ----        ----        ------- ----- ------------
_HEADER0                            00000000    00000078 =         120. bytes (ABS,CON)

      Value  Global                              Global Defined In Module
      -----  --------------------------------   ------------------------
ASxxxx Linker V03.00 + NoICE + sdld,  page 4.
Hexadecimal  [32-Bits]

Area                                    Addr        Size        Decimal Bytes (Attributes)
--------------------------------        ----        ----        ------- ----- ------------
_DATA                               00000777    00000083 =         131. bytes (REL,CON)

      Value  Global                              Global Defined In Module
      -----  --------------------------------   ------------------------
     00000777  _heap_top                          
     00000779  _last_error                        
     0000077A  _scratch                           demo
ASxxxx Linker V03.00 + NoICE + sdld,  page 5.
Hexadecimal  [32-Bits]

Area                                    Addr        Size        Decimal Bytes (Attributes)
--------------------------------        ----        ----        ------- ----- ------------
_GSFINAL                            000007FA    00000001 =           1. bytes (REL,CON)

      Value  Global                              Global Defined In Module
      -----  --------------------------------   ------------------------
ASxxxx Linker V03.00 + NoICE + sdld,  page 6.
Hexadecimal  [32-Bits]

Area                                    Addr        Size        Decimal Bytes (Attributes)
--------------------------------        ----        ----        ------- ----- ------------
_HEAP                               000007FB    00000000 =           0. bytes (REL,CON)

      Value  Global                              Global Defined In Module
      -----  --------------------------------   ------------------------
     000007FB  _HEAP_start                        

ASxxxx Linker V03.00 + NoICE + sdld,  page 7.

Files Linked                              [ module(s) ]

crt0msx_msxdos_advanced.rel               [  ]
putchar.rel                               [  ]
getchar.rel                               [  ]
dos.rel                                   [  ]
vdp.rel                                   [  ]
conio.rel                                 [ conio ]
demo.rel                                  [ demo ]


Libraries Linked                          [ object file ]

/usr/local/bin/../share/sdcc/lib/z80/z80.lib
                                          [ divunsigned.rel ]
/usr/local/bin/../share/sdcc/lib/z80/z80.lib
                                          [ _memset.rel ]
/usr/local/bin/../share/sdcc/lib/z80/z80.lib
                                          [ _memcpy.rel ]
/usr/local/bin/../share/sdcc/lib/z80/z80.lib
                                          [ modunsigned.rel ]
/usr/local/bin/../share/sdcc/lib/z80/z80.lib
                                          [ divsigned.rel ]

ASxxxx Linker V03.00 + NoICE + sdld,  page 8.

User Base Address Definitions

_CODE = 0x0178
_DATA = 0x0000

