
Hexadecimal

Area                               Addr   Size   Decimal Bytes (Attributes)
--------------------------------   ----   ----   ------- ----- ------------
.  .ABS.                           0000   0000 =      0. bytes (ABS,CON)

      Value  Global
   --------  --------------------------------
     0000    l__CABS
     0000    l__HEAP
     0000    l__HOME
     0000    l__OVERLAY
     0000    s__HEADER
     0001    l__GSFINAL
     040C    l__HEADER
     040C    s__CODE
     05C4    l__GSINIT
     229F    l__CODE
     26AB    s__DATA
     4385    l__DATA
     6A30    s__GSINIT
     6A30    s__HOME
     6A30    s__OVERLAY
     6FF4    s__GSFINAL
     6FF5    s__CABS
     6FF5    s__HEAP

Hexadecimal

Area                               Addr   Size   Decimal Bytes (Attributes)
--------------------------------   ----   ----   ------- ----- ------------
_CODE                              040C   229F =   8863. bytes (REL,CON)

      Value  Global
   --------  --------------------------------
     040C    _my_isr
     040C    _my_isr_start
     0444    _my_isr_end
     0444    _sintabx
     0644    _ge5_load
     0644    _ge5_load_start
     0715    _ge5_load_end
     0715    _scratch_clear
     0715    _scratch_clear_start
     0728    _pal_load
     0728    _pal_load_start
     0728    _scratch_clear_end
     07C8    _pal_load_end
     07C8    _pause
     07C8    _pause_start
     07DC    _pause_end
     07DC    _raw_load
     07DC    _raw_load_start
     08A0    _fadein
     08A0    _fadein_start
     08A0    _raw_load_end
     096C    _do_ymmm
     096C    _do_ymmm_start
     096C    _fadein_end
     0AA1    _do_blocks
     0AA1    _do_blocks_start
     0AA1    _do_ymmm_end
     0CFA    _do_blocks_end
     0CFA    _main
     0CFA    _main_start
     0FB0    _main_end
     102B    _bitbuster
     111D    reset_psg
     114B    _play_sample
     11D6    _putchar
     11E1    _getchar
     11E7    _open
     1201    _creat
     121B    _close
     1235    _block_read
     124F    _block_set_data_ptr
     1269    _block_write
     1283    _exit
     1296    _vdp_set_screen5
     12BF    _vdp_set_screen6
     12E8    _vdp_set_text
     12FA    _vdp_load_palette
     1319    _vdp_set_write_address
     1348    _vdp_set_read_address
     1375    _vdp_load_screen
     138F    _vdp_copier
     13E4    _aux_vdp_copy
     1436    _PLY_Play
     16AD    _PLY_SendRegisters
     1738    _PLY_PSGReg8
     173A    _PLY_PSGReg9
     173C    _PLY_PSGReg10
     1740    _PLY_PSGReg7
     1928    _PLY_PeriodTable
     1A48    _PLY_SongPtr
     1A4A    _PLY_Init
     1AB9    _PLY_Stop
     1ACB    _puts
     1ACB    _puts_start
     1AED    _puthex
     1AED    _puthex_start
     1AED    _puts_end
     1B4E    _puthex8
     1B4E    _puthex8_start
     1B4E    _puthex_end
     1B68    _puthex16
     1B68    _puthex16_start
     1B68    _puthex8_end
     1B83    _putdec
     1B83    _putdec_start
     1B83    _puthex16_end
     1BE5    _putdec8
     1BE5    _putdec8_start
     1BE5    _putdec_end
     1BFF    _putdec16
     1BFF    _putdec16_start
     1BFF    _putdec8_end
     1C1A    _memcpy
     1C1A    _memcpy_start
     1C1A    _putdec16_end
     1C5B    _memcpy_end
     1C5B    _memset
     1C5B    _memset_start
     1C7E    _malloc
     1C7E    _malloc_start
     1C7E    _memset_end
     1CA1    _install_isr
     1CA1    _malloc_end
     1CBD    _uninstall_isr
     1CC6    _ispressed
     1CC6    _ispressed_start
     1CEC    _ispressed_end
     1CEC    _screen
     1CEC    _screen_start
     1D12    _screen_end
     1D12    _vdp_address
     1D12    _vdp_address_start
     1D2D    _vdp_address_end
     1D2D    _vdp_poke
     1D2D    _vdp_poke_start
     1D4D    _vdp_peek
     1D4D    _vdp_peek_start
     1D4D    _vdp_poke_end
     1D68    _vdp_peek_end
     1D68    _vdp_set
     1D68    _vdp_set_start
     1DBF    _vdp_set_end
     1DBF    _vdp_slowset
     1DBF    _vdp_slowset_start
     1E2E    _vdp_copy
     1E2E    _vdp_copy_start
     1E2E    _vdp_slowset_end
     1E7F    _vdp_copy_end
     1E7F    _vdp_slowcopy
     1E7F    _vdp_slowcopy_start
     1EE3    _vdp_bigcopy
     1EE3    _vdp_bigcopy_start
     1EE3    _vdp_slowcopy_end
     1F48    _vdp_bigcopy_end
     1F48    _vdp_register
     1F48    _vdp_register_start
     1F5F    _msx2_sethz
     1F5F    _msx2_sethz_start
     1F5F    _vdp_register_end
     1F83    _msx2_sethz_end
     1F83    _vdp_status
     1F83    _vdp_status_start
     1F87    _vdp2_status
     1F87    _vdp2_status_start
     1F87    _vdp_status_end
     1FAD    _sprite_col
     1FAD    _sprite_col_start
     1FAD    _vdp2_status_end
     1FD7    _sprite_col_end
     1FD7    _sprite_pos
     1FD7    _sprite_pos_start
     2013    _sprite_pat
     2013    _sprite_pat_start
     2013    _sprite_pos_end
     203D    _msx2_palette
     203D    _msx2_palette_start
     203D    _sprite_pat_end
     2065    _joy_status
     2065    _joy_status_start
     2065    _msx2_palette_end
     2099    _joy_status_end
     20A2    _mouse_status
     20A2    _mouse_status_start
     2174    _isvdp2
     2174    _isvdp2_start
     2174    _mouse_status_end
     2194    _isvdp2_end
     2231    _readfile
     2231    _readfile_start
     242B    _readfile_end
     242B    _spindown
     242B    _spindown_start
     243C    _print
     243C    _print_start
     243C    _spindown_end
     2452    _random
     2452    _random_start
     246A    _mem_set
     246A    _mem_set_start
     246A    _random_end
     24BE    _mem_set_end
     24BE    _mem_set_stack
     24BE    _mem_set_stack_start
     251B    _mem_cpy
     251B    _mem_cpy_start
     251B    _mem_set_stack_end
     2545    __initrleblock
     2545    _mem_cpy_end
     256C    __moduchar_rrx_s
     2573    __moduchar_rrx_hds
     257A    __moduint_rrx_s
     2586    __moduint_rrx_hds
     258E    __moduschar_rrx_s
     25A1    __divschar_rrx_s
     25A8    __divschar_rrx_hds
     25AF    __modschar_rrx_s
     25B6    __modschar_rrx_hds
     25BD    __divsint_rrx_s
     25C9    __divsint_rrx_hds
     25D1    __modsint_rrx_s
     25DD    __modsint_rrx_hds
     25E5    __divuchar_rrx_s
     25EC    __divuchar_rrx_hds
     25F3    __divuint_rrx_s
     25FF    __divuint_rrx_hds
     2607    __divsuchar_rrx_s
     2616    __modsuchar_rrx_s
     2625    __divuschar_rrx_s
     2638    .mod8
     2638    __div8
     2640    .mod16
     2640    __div16
     2676    .modu8
     2676    __divu8
     2679    .modu16
     2679    __divu16

Hexadecimal

Area                               Addr   Size   Decimal Bytes (Attributes)
--------------------------------   ----   ----   ------- ----- ------------
_DATA                              26AB   4385 =  17285. bytes (REL,CON)

      Value  Global
   --------  --------------------------------
     27AB    _packbuffer
     662B    _scratch
     66AB    _cur_palette
     66CB    _block_palette
     66EB    _vbicount
     66ED    _tick
     66EF    _yo
     66F0    _cc
     66F5    _block_init
     66F6    _bsx
     66F8    _bsy
     66FA    _btx
     66FC    _bty
     66FE    _btab
     671E    _flof
     6720    _heap_top
     6726    _storage
     6728    _storage2
     672A    _last_error
     692B    _sintab
     6A2B    _old_isr







Hexadecimal

Area                               Addr   Size   Decimal Bytes (Attributes)
--------------------------------   ----   ----   ------- ----- ------------
_HEAP                              6FF5   0000 =      0. bytes (REL,CON)

      Value  Global
   --------  --------------------------------
     6FF5    _HEAP_start
MODULES
	FILE demo.o
		NAME demo
	FILE crt0msx_msxdos_biisi.o
	FILE bitbuster.o
	FILE sample.o
	FILE putchar.o
	FILE getchar.o
	FILE dos.o
	FILE vdp.o
	FILE arkos.o
	FILE conio.o
		NAME conio
	FILE mem.o
		NAME mem
	FILE heap.o
		NAME heap
	FILE interrupt.o
	FILE msxlib.o
		NAME msxlib
LIBRARIES
	LIBRARY ./z80.lib
		MODULE crt0_rle.o
	LIBRARY ./z80.lib
		MODULE mod.o
	LIBRARY ./z80.lib
		MODULE divsigned.o
	LIBRARY ./z80.lib
		MODULE div.o
USERBASEDEF
	_CODE = 0x040c
	_DATA = 0x0000
