ASxxxx Linker V03.00 + NoICE + sdld,  page 1.
Hexadecimal  [32-Bits]

Area                                    Addr        Size        Decimal Bytes (Attributes)
--------------------------------        ----        ----        ------- ----- ------------
.  .ABS.                            00000000    00000000 =           0. bytes (ABS,CON)

      Value  Global                              Global Defined In Module
      -----  --------------------------------   ------------------------
     00000000  .__.ABS.                           
     00000000  l__CABS                         
     00000000  l__DABS                         
     00000000  l__GSINIT                       
     00000000  l__HEADER                       
     00000000  l__HEAP                         
     00000000  l__HOME                         
     00000000  l__INITIALIZED                  
     00000000  l__INITIALIZER                  
     00000000  s__CABS                         
     00000000  s__DABS                         
     00000000  s__HEADER                       
     00000000  s__HEADER0                      
     00000001  l__GSFINAL                      
     00000078  l__HEADER0                      
     00000083  l__DATA                         
     00000178  s__CODE                         
     000005C0  l__CODE                         
     00000738  s__DATA                         
     000007BB  s__GSFINAL                      
     000007BB  s__GSINIT                       
     000007BB  s__HOME                         
     000007BB  s__INITIALIZED                  
     000007BC  s__HEAP                         
     000007BC  s__INITIALIZER                  

ASxxxx Linker V03.00 + NoICE + sdld,  page 2.
Hexadecimal  [32-Bits]

Area                                    Addr        Size        Decimal Bytes (Attributes)
--------------------------------        ----        ----        ------- ----- ------------
_CODE                               00000178    000005C0 =        1472. bytes (REL,CON)

      Value  Global                              Global Defined In Module
      -----  --------------------------------   ------------------------
     00000178  _strcat                            demo
     000001A3  _ge5_load                          demo
     000002D2  _main                              demo
     00000310  _putchar                           
     0000031B  _getchar                           
     00000321  _open                              
     0000033B  _creat                             
     00000355  _close                             
     0000036F  _block_read                        
     00000389  _block_set_data_ptr                
     000003A3  _block_write                       
     000003BD  _exit                              
     000003D0  _vdp_set_screen5                   
     000003F9  _vdp_set_text                      
     0000040B  _vdp_load_palette                  
     0000042A  _vdp_set_write_address             
     00000459  _vdp_set_read_address              
     00000486  _vdp_load_screen                   
     000004A0  _vdp_copy                          
     000004F5  _aux_vdp_copy                      
     00000547  _puts                              conio
     00000559  _puthex                            conio
     000005A5  _puthex8                           conio
     000005B7  _puthex16                          conio
     000005C6  _putdec                            conio
     0000061E  _putdec8                           conio
     00000630  _putdec16                          conio
     0000063F  __divuint                          
     00000647  __divuchar                         
     0000064E  __divu8                            
     00000651  __divu16                           
     00000680  _memcpy                            _memcpy
     000006CF  ___sdcc_enter_ix                   
     000006D9  __moduchar                         
     000006E5  __moduint                          
     000006F0  __divsint                          
     000006F9  __divschar                         
     00000700  __div8                             
     00000704  __div_signexte                     
     00000708  __div16                            
     0000072E  __get_remainder                    

ASxxxx Linker V03.00 + NoICE + sdld,  page 3.
Hexadecimal  [32-Bits]

Area                                    Addr        Size        Decimal Bytes (Attributes)
--------------------------------        ----        ----        ------- ----- ------------
_DATA                               00000738    00000083 =         131. bytes (REL,CON)

      Value  Global                              Global Defined In Module
      -----  --------------------------------   ------------------------
     00000738  _scratch                           demo
     000007B8  _heap_top                          
     000007BA  _last_error                        
ASxxxx Linker V03.00 + NoICE + sdld,  page 4.
Hexadecimal  [32-Bits]

Area                                    Addr        Size        Decimal Bytes (Attributes)
--------------------------------        ----        ----        ------- ----- ------------
_GSFINAL                            000007BB    00000001 =           1. bytes (REL,CON)

      Value  Global                              Global Defined In Module
      -----  --------------------------------   ------------------------
ASxxxx Linker V03.00 + NoICE + sdld,  page 5.
Hexadecimal  [32-Bits]

Area                                    Addr        Size        Decimal Bytes (Attributes)
--------------------------------        ----        ----        ------- ----- ------------
_HEADER0                            00000000    00000078 =         120. bytes (ABS,CON)

      Value  Global                              Global Defined In Module
      -----  --------------------------------   ------------------------
ASxxxx Linker V03.00 + NoICE + sdld,  page 6.
Hexadecimal  [32-Bits]

Area                                    Addr        Size        Decimal Bytes (Attributes)
--------------------------------        ----        ----        ------- ----- ------------
_HEAP                               000007BC    00000000 =           0. bytes (REL,CON)

      Value  Global                              Global Defined In Module
      -----  --------------------------------   ------------------------
     000007BC  _HEAP_start                        

ASxxxx Linker V03.00 + NoICE + sdld,  page 7.

Files Linked                              [ module(s) ]

demo.rel                                  [ demo ]
crt0msx_msxdos_advanced.rel               [  ]
putchar.rel                               [  ]
getchar.rel                               [  ]
dos.rel                                   [  ]
vdp.rel                                   [  ]
conio.rel                                 [ conio ]


Libraries Linked                          [ object file ]

/usr/local/bin/../share/sdcc/lib/z80/z80.lib
                                          [ divunsigned.rel ]
/usr/local/bin/../share/sdcc/lib/z80/z80.lib
                                          [ _memcpy.rel ]
/usr/local/bin/../share/sdcc/lib/z80/z80.lib
                                          [ crtenter.rel ]
/usr/local/bin/../share/sdcc/lib/z80/z80.lib
                                          [ modunsigned.rel ]
/usr/local/bin/../share/sdcc/lib/z80/z80.lib
                                          [ divsigned.rel ]

ASxxxx Linker V03.00 + NoICE + sdld,  page 8.

User Base Address Definitions

_CODE = 0x0178
_DATA = 0x0000

