
Hexadecimal

Area                               Addr   Size   Decimal Bytes (Attributes)
--------------------------------   ----   ----   ------- ----- ------------
.  .ABS.                           0000   0000 =      0. bytes (ABS,CON)

      Value  Global
   --------  --------------------------------
     0000    l__CABS
     0000    l__HEAP
     0000    l__HOME
     0000    l__OVERLAY
     0000    s__HEADER
     0001    l__GSFINAL
     09BA    l__GSINIT
     0E8C    l__HEADER
     0E8C    s__CODE
     4546    l__DATA
     52E9    l__CODE
     6175    s__DATA
     A6BB    s__GSINIT
     A6BB    s__HOME
     A6BB    s__OVERLAY
     B075    s__GSFINAL
     B076    s__CABS
     B076    s__HEAP

Hexadecimal

Area                               Addr   Size   Decimal Bytes (Attributes)
--------------------------------   ----   ----   ------- ----- ------------
_CODE                              0E8C   52E9 =  21225. bytes (REL,CON)

      Value  Global
   --------  --------------------------------
     0E8C    _isNthBitSet
     0E8C    _isNthBitSet_start
     0EB8    _isNthBitSet_end
     0EB8    _sintabx
     0FB8    _tri_center
     1078    _tri_up
     1138    _tri_dia
     11F8    _tri_side1
     12B8    _tri_side2
     1378    _tri_inva1
     1438    _tri_inva2
     14F8    _tri_inva3
     15B8    _tri_inva4
     1678    _my_isr
     1678    _my_isr_start
     16B0    _my_isr_end
     16B0    _scratch_clear
     16B0    _scratch_clear_start
     16C3    _pal_load
     16C3    _pal_load_start
     16C3    _scratch_clear_end
     178D    _pal_load_end
     17A2    _pause
     17A2    _pause_start
     17B6    _pause_end
     17B6    _raw_load
     17B6    _raw_load_start
     18A4    _raw_load_end
     18B9    _pck_load
     18B9    _pck_load_start
     1932    _pck_load_end
     1947    _fadein
     1947    _fadein_start
     1A13    _do_ymmm
     1A13    _do_ymmm_start
     1A13    _fadein_end
     1A14    _do_blocks
     1A14    _do_blocks_start
     1A14    _do_ymmm_end
     1A15    _do_blocks_end
     1A15    _raster_effu
     1A15    _raster_effu_start
     1A16    _do_2xletter
     1A16    _do_2xletter_start
     1A16    _raster_effu_end
     1CC4    _do_2xletter_end
     1CC4    _font_x
     1D04    _font_y
     1D44    _font_w
     1D84    _do_letter
     1D84    _do_letter_start
     1E42    _do_letter_end
     1E42    _do_letter_tall
     1E42    _do_letter_tall_start
     1F00    _do_letter_tall_end
     1F00    _drawstr
     1F00    _drawstr_start
     1F66    _drawstr_end
     1F66    _drawstrslow
     1F66    _drawstrslow_start
     2004    _drawstr2x
     2004    _drawstr2x_start
     2004    _drawstrslow_end
     2055    _drawsine
     2055    _drawsine_start
     2055    _drawstr2x_end
     20D9    _drawsine_end
     20D9    _font
     20D9    _font_start
     20F1    _font_end
     2172    _twister
     2172    _twister_start
     230B    _twister_end
     230F    _bulbs
     230F    _bulbs_start
     256D    _animplay
     256D    _animplay_start
     256D    _bulbs_end
     256E    _animplay_end
     256E    _drawbox
     256E    _drawbox_start
     25FD    _boxes
     25FD    _boxes_start
     25FD    _drawbox_end
     2A82    _boxes_end
     2AAE    _thewave
     2AAE    _thewave_start
     30C6    _drawtritile
     30C6    _drawtritile_start
     30C6    _thewave_end
     312A    _drawtilescreen
     312A    _drawtilescreen_start
     312A    _drawtritile_end
     3214    _drawtilescreen_end
     3214    _drawtilescreen_full
     3214    _drawtilescreen_full_start
     32CF    _drawtilescreen_full_end
     32CF    _tritiles
     32CF    _tritiles_start
     38C8    _abs
     38C8    _abs_start
     38C8    _tritiles_end
     391C    _abs_end
     391C    _logoeffu
     391C    _logoeffu_start
     3ACB    _logoeffu_end
     3ACB    _points
     3ACB    _points_start
     3E3D    _points_end
     3EAB    _bigtext
     3EAB    _bigtext_start
     45B1    _bigtext_end
     4661    _waiter
     4661    _waiter_start
     4662    _credits
     4662    _credits_start
     4662    _waiter_end
     47E3    _credits_end
     47E3    _do_quit
     47E3    _do_quit_start
     480E    _do_quit_end
     481F    _main
     481F    _main_start
     4DB4    _main_end
     4F3C    _bitbuster
     502E    _putchar
     5039    _open
     5053    _creat
     506D    _close
     5087    _block_read
     50A1    _block_set_data_ptr
     50BB    _block_write
     50D5    _exit
     50E8    _vdp_set_screen5
     5111    _vdp_set_screen6
     513A    _vdp_set_text
     514C    _vdp_load_palette
     516B    _vdp_set_write_address
     519A    _vdp_set_read_address
     51C7    _vdp_load_screen
     51E1    _vdp_copier
     5236    _aux_vdp_copy
     5288    _PLY_Play
     54FF    _PLY_SendRegisters
     558A    _PLY_PSGReg8
     558C    _PLY_PSGReg9
     558E    _PLY_PSGReg10
     5592    _PLY_PSGReg7
     577A    _PLY_PeriodTable
     589A    _PLY_SongPtr
     589C    _PLY_Init
     590B    _PLY_Stop
     591D    _puts
     591D    _puts_start
     593F    _puthex
     593F    _puthex_start
     593F    _puts_end
     59A0    _puthex8
     59A0    _puthex8_start
     59A0    _puthex_end
     59BA    _puthex16
     59BA    _puthex16_start
     59BA    _puthex8_end
     59D5    _putdec
     59D5    _putdec_start
     59D5    _puthex16_end
     5A37    _putdec8
     5A37    _putdec8_start
     5A37    _putdec_end
     5A51    _putdec16
     5A51    _putdec16_start
     5A51    _putdec8_end
     5A6C    _memcpy
     5A6C    _memcpy_start
     5A6C    _putdec16_end
     5AAD    _memcpy_end
     5AAD    _memset
     5AAD    _memset_start
     5AD0    _malloc
     5AD0    _malloc_start
     5AD0    _memset_end
     5AF3    _install_isr
     5AF3    _malloc_end
     5B0F    _uninstall_isr
     5B18    _ispressed
     5B18    _ispressed_start
     5B3E    _ispressed_end
     5B3E    _screen
     5B3E    _screen_start
     5B64    _screen_end
     5B64    _vdp_address
     5B64    _vdp_address_start
     5B7F    _vdp_address_end
     5B7F    _vdp_poke
     5B7F    _vdp_poke_start
     5B9F    _vdp_peek
     5B9F    _vdp_peek_start
     5B9F    _vdp_poke_end
     5BBA    _vdp_peek_end
     5BBA    _vdp_set
     5BBA    _vdp_set_start
     5C11    _vdp_set_end
     5C11    _vdp_slowset
     5C11    _vdp_slowset_start
     5C80    _vdp_copy
     5C80    _vdp_copy_start
     5C80    _vdp_slowset_end
     5CD1    _vdp_copy_end
     5CD1    _vdp_slowcopy
     5CD1    _vdp_slowcopy_start
     5D35    _vdp_bigcopy
     5D35    _vdp_bigcopy_start
     5D35    _vdp_slowcopy_end
     5D9A    _vdp_bigcopy_end
     5D9A    _vdp_register
     5D9A    _vdp_register_start
     5DB1    _msx2_sethz
     5DB1    _msx2_sethz_start
     5DB1    _vdp_register_end
     5DD5    _msx2_sethz_end
     5DD5    _vdp_status
     5DD5    _vdp_status_start
     5DD9    _vdp2_status
     5DD9    _vdp2_status_start
     5DD9    _vdp_status_end
     5DFF    _sprite_col
     5DFF    _sprite_col_start
     5DFF    _vdp2_status_end
     5E29    _sprite_col_end
     5E29    _sprite_pos
     5E29    _sprite_pos_start
     5E65    _sprite_pat
     5E65    _sprite_pat_start
     5E65    _sprite_pos_end
     5E8F    _msx2_palette
     5E8F    _msx2_palette_start
     5E8F    _sprite_pat_end
     5EB7    _joy_status
     5EB7    _joy_status_start
     5EB7    _msx2_palette_end
     5EEB    _joy_status_end
     5EF4    _mouse_status
     5EF4    _mouse_status_start
     5FC6    _isvdp2
     5FC6    _isvdp2_start
     5FC6    _mouse_status_end
     5FE6    _isvdp2_end
     5FE6    _spindown
     5FE6    _spindown_start
     5FF7    _random
     5FF7    _random_start
     5FF7    _spindown_end
     600F    __initrleblock
     600F    _random_end
     6036    __divschar_rrx_s
     603D    __divschar_rrx_hds
     6044    __modschar_rrx_s
     604B    __modschar_rrx_hds
     6052    __divsint_rrx_s
     605E    __divsint_rrx_hds
     6066    __modsint_rrx_s
     6072    __modsint_rrx_hds
     607A    __moduchar_rrx_s
     6081    __moduchar_rrx_hds
     6088    __moduint_rrx_s
     6094    __moduint_rrx_hds
     609C    __moduschar_rrx_s
     60AF    __divuchar_rrx_s
     60B6    __divuchar_rrx_hds
     60BD    __divuint_rrx_s
     60C9    __divuint_rrx_hds
     60D1    __divsuchar_rrx_s
     60E0    __modsuchar_rrx_s
     60EF    __divuschar_rrx_s
     6102    .mod8
     6102    __div8
     610A    .mod16
     610A    __div16
     6140    .modu8
     6140    __divu8
     6143    .modu16
     6143    __divu16

Hexadecimal

Area                               Addr   Size   Decimal Bytes (Attributes)
--------------------------------   ----   ----   ------- ----- ------------
_DATA                              6175   4546 =  17734. bytes (REL,CON)

      Value  Global
   --------  --------------------------------
     6275    _tri_lookup_x
     6295    _twelvetimes
     62C9    _eighttimes
     62FD    _tri_lookup_y
     633D    _packbuffer
     7341    _crebuffer1
     803C    _crebuffer2
     92B0    _crebuffer3
     A13B    _scratch
     A1BB    _cur_palette
     A1DB    _bulbs_palette
     A1FB    _block_palette
     A21B    _twister_palette
     A23B    _tf_palette
     A25B    _boxes_palette
     A27B    _credits_palette
     A29B    _vbicount
     A29D    _tick
     A29F    _cmd
     A2AE    _scenepointers
     A2C6    _scenetimings
     A2FE    _yofff
     A2FF    _cc
     A304    _block_init
     A305    _bsx
     A307    _bsy
     A309    _btx
     A30B    _bty
     A30D    _btab
     A32D    _flof
     A32F    _linenum
     A331    _lx
     A332    _ly
     A333    _ltrpointer
     A335    _slowend
     A337    _ff
     A339    _twinited
     A33B    _bulbflipper
     A33D    _ff1
     A33F    _ff2
     A341    _ender
     A343    _enderdir
     A345    _sy
     A34F    _anim_init
     A351    _boxes_init
     A352    _buffer
     A354    _prevx
     A356    _prevy
     A358    _boxes_x
     A35D    _boxes_y
     A367    _boxi
     A368    _bx
     A36A    _by
     A36C    _bt
     A36E    _bo
     A370    _bonc
     A372    _pbx
     A374    _pbt
     A376    _boxes_of
     A380    _prevbox_of
     A381    _initwave
     A382    _buf
     A384    _ffa
     A386    _tri_inited
     A387    _tilei
     A389    _tilex
     A38B    _tiley
     A38D    _tiletick
     A38E    _tripal
     A397    _tripaltick
     A398    _tripaltick2
     A399    _triframes
     A39B    _powatick
     A39D    _powa
     A39F    _onceclear
     A3A0    _initpoints
     A3A1    _pointframe
     A3A3    _greetindex
     A3A5    _bigtextp
     A3A7    _initcredits
     A3A9    _credittimer
     A3AB    _sceneindex
     A3AD    _timeindex
     A3AF    _heap_top
     A3B1    _storage
     A3B3    _storage2
     A3B5    _last_error
     A5B6    _sintab
     A6B6    _old_isr







Hexadecimal

Area                               Addr   Size   Decimal Bytes (Attributes)
--------------------------------   ----   ----   ------- ----- ------------
_HEAP                              B076   0000 =      0. bytes (REL,CON)

      Value  Global
   --------  --------------------------------
     B076    _HEAP_start
MODULES
	FILE demo.o
		NAME demo
	FILE crt0msx_msxdos_biisi.o
	FILE bitbuster.o
	FILE putchar.o
	FILE dos.o
	FILE vdp.o
	FILE arkos.o
	FILE conio.o
		NAME conio
	FILE mem.o
		NAME mem
	FILE heap.o
		NAME heap
	FILE interrupt.o
	FILE msxlib.o
		NAME msxlib
LIBRARIES
	LIBRARY ./z80.lib
		MODULE crt0_rle.o
	LIBRARY ./z80.lib
		MODULE divsigned.o
	LIBRARY ./z80.lib
		MODULE mod.o
	LIBRARY ./z80.lib
		MODULE div.o
USERBASEDEF
	_CODE = 0x0e8c
	_DATA = 0x0000
