
Hexadecimal

Area                               Addr   Size   Decimal Bytes (Attributes)
--------------------------------   ----   ----   ------- ----- ------------
.  .ABS.                           0000   0000 =      0. bytes (ABS,CON)

      Value  Global
   --------  --------------------------------
     0000    l__CABS
     0000    l__HEAP
     0000    l__HOME
     0000    l__OVERLAY
     0000    s__HEADER
     0001    l__GSFINAL
     040C    l__HEADER
     040C    s__CODE
     08F1    l__GSINIT
     445B    l__CODE
     455F    l__DATA
     4867    s__DATA
     8DC6    s__GSINIT
     8DC6    s__HOME
     8DC6    s__OVERLAY
     96B7    s__GSFINAL
     96B8    s__CABS
     96B8    s__HEAP

Hexadecimal

Area                               Addr   Size   Decimal Bytes (Attributes)
--------------------------------   ----   ----   ------- ----- ------------
_CODE                              040C   445B =  17499. bytes (REL,CON)

      Value  Global
   --------  --------------------------------
     040C    _isNthBitSet
     040C    _isNthBitSet_start
     0438    _isNthBitSet_end
     0438    _sintabx
     0638    _tri_center
     06F8    _tri_up
     07B8    _tri_dia
     0878    _tri_side1
     0938    _tri_side2
     09F8    _my_isr
     09F8    _my_isr_start
     0A30    _color_isr
     0A30    _color_isr_start
     0A30    _my_isr_end
     0A8C    _color_isr_end
     0A8C    _ge5_load
     0A8C    _ge5_load_start
     0B87    _ge5_load_end
     0B9C    _scratch_clear
     0B9C    _scratch_clear_start
     0BAF    _pal_load
     0BAF    _pal_load_start
     0BAF    _scratch_clear_end
     0C79    _pal_load_end
     0C8E    _pause
     0C8E    _pause_start
     0CA2    _pause_end
     0CA2    _raw_load
     0CA2    _raw_load_start
     0D90    _raw_load_end
     0DA5    _pck_load
     0DA5    _pck_load_start
     0E1E    _pck_load_end
     0E33    _fadein
     0E33    _fadein_start
     0EFF    _do_ymmm
     0EFF    _do_ymmm_start
     0EFF    _fadein_end
     0FF5    _do_blocks
     0FF5    _do_blocks_start
     0FF5    _do_ymmm_end
     1218    _do_blocks_end
     1218    _raster_effu
     1218    _raster_effu_start
     128A    _do_letter
     128A    _do_letter_start
     128A    _raster_effu_end
     1348    _do_letter_end
     1348    _font_x
     1388    _font_y
     13C8    _font_w
     1408    _do_letter_tall
     1408    _do_letter_tall_start
     14C6    _do_letter_tall_end
     14C6    _drawstr
     14C6    _drawstr_start
     152C    _drawsine
     152C    _drawsine_start
     152C    _drawstr_end
     15BE    _drawsine_end
     15BE    _font
     15BE    _font_start
     15CC    _font_end
     162F    _twister
     162F    _twister_start
     179B    _bulbs
     179B    _bulbs_start
     179B    _twister_end
     19F9    _animplay
     19F9    _animplay_start
     19F9    _bulbs_end
     1C87    _animplay_end
     1CB9    _drawbox
     1CB9    _drawbox_start
     1D48    _boxes
     1D48    _boxes_start
     1D48    _drawbox_end
     2174    _boxes_end
     21A0    _thewave
     21A0    _thewave_start
     27AF    _drawtritile
     27AF    _drawtritile_start
     27AF    _thewave_end
     2813    _drawtilescreen
     2813    _drawtilescreen_start
     2813    _drawtritile_end
     28FD    _drawtilescreen_end
     28FD    _drawtilescreen_full
     28FD    _drawtilescreen_full_start
     29B8    _drawtilescreen_full_end
     29B8    _tritiles
     29B8    _tritiles_start
     2D52    _abs
     2D52    _abs_start
     2D52    _tritiles_end
     2DA6    _abs_end
     2DA6    _logoeffu
     2DA6    _logoeffu_start
     2F57    _do_quit
     2F57    _do_quit_start
     2F57    _logoeffu_end
     2F7A    _do_quit_end
     2F88    _main
     2F88    _main_start
     3452    _main_end
     356F    _bitbuster
     3661    reset_psg
     368F    _play_sample
     371A    _putchar
     3725    _getchar
     372B    _open
     3745    _creat
     375F    _close
     3779    _block_read
     3793    _block_set_data_ptr
     37AD    _block_write
     37C7    _exit
     37DA    _vdp_set_screen5
     3803    _vdp_set_screen6
     382C    _vdp_set_text
     383E    _vdp_load_palette
     385D    _vdp_set_write_address
     388C    _vdp_set_read_address
     38B9    _vdp_load_screen
     38D3    _vdp_copier
     3928    _aux_vdp_copy
     397A    _PLY_Play
     3BF1    _PLY_SendRegisters
     3C7C    _PLY_PSGReg8
     3C7E    _PLY_PSGReg9
     3C80    _PLY_PSGReg10
     3C84    _PLY_PSGReg7
     3E6C    _PLY_PeriodTable
     3F8C    _PLY_SongPtr
     3F8E    _PLY_Init
     3FFD    _PLY_Stop
     400F    _puts
     400F    _puts_start
     4031    _puthex
     4031    _puthex_start
     4031    _puts_end
     4092    _puthex8
     4092    _puthex8_start
     4092    _puthex_end
     40AC    _puthex16
     40AC    _puthex16_start
     40AC    _puthex8_end
     40C7    _putdec
     40C7    _putdec_start
     40C7    _puthex16_end
     4129    _putdec8
     4129    _putdec8_start
     4129    _putdec_end
     4143    _putdec16
     4143    _putdec16_start
     4143    _putdec8_end
     415E    _memcpy
     415E    _memcpy_start
     415E    _putdec16_end
     419F    _memcpy_end
     419F    _memset
     419F    _memset_start
     41C2    _malloc
     41C2    _malloc_start
     41C2    _memset_end
     41E5    _install_isr
     41E5    _malloc_end
     4201    _uninstall_isr
     420A    _ispressed
     420A    _ispressed_start
     4230    _ispressed_end
     4230    _screen
     4230    _screen_start
     4256    _screen_end
     4256    _vdp_address
     4256    _vdp_address_start
     4271    _vdp_address_end
     4271    _vdp_poke
     4271    _vdp_poke_start
     4291    _vdp_peek
     4291    _vdp_peek_start
     4291    _vdp_poke_end
     42AC    _vdp_peek_end
     42AC    _vdp_set
     42AC    _vdp_set_start
     4303    _vdp_set_end
     4303    _vdp_slowset
     4303    _vdp_slowset_start
     4372    _vdp_copy
     4372    _vdp_copy_start
     4372    _vdp_slowset_end
     43C3    _vdp_copy_end
     43C3    _vdp_slowcopy
     43C3    _vdp_slowcopy_start
     4427    _vdp_bigcopy
     4427    _vdp_bigcopy_start
     4427    _vdp_slowcopy_end
     448C    _vdp_bigcopy_end
     448C    _vdp_register
     448C    _vdp_register_start
     44A3    _msx2_sethz
     44A3    _msx2_sethz_start
     44A3    _vdp_register_end
     44C7    _msx2_sethz_end
     44C7    _vdp_status
     44C7    _vdp_status_start
     44CB    _vdp2_status
     44CB    _vdp2_status_start
     44CB    _vdp_status_end
     44F1    _sprite_col
     44F1    _sprite_col_start
     44F1    _vdp2_status_end
     451B    _sprite_col_end
     451B    _sprite_pos
     451B    _sprite_pos_start
     4557    _sprite_pat
     4557    _sprite_pat_start
     4557    _sprite_pos_end
     4581    _msx2_palette
     4581    _msx2_palette_start
     4581    _sprite_pat_end
     45A9    _joy_status
     45A9    _joy_status_start
     45A9    _msx2_palette_end
     45DD    _joy_status_end
     45E6    _mouse_status
     45E6    _mouse_status_start
     46B8    _isvdp2
     46B8    _isvdp2_start
     46B8    _mouse_status_end
     46D8    _isvdp2_end
     46D8    _spindown
     46D8    _spindown_start
     46E9    _random
     46E9    _random_start
     46E9    _spindown_end
     4701    __initrleblock
     4701    _random_end
     4728    __moduchar_rrx_s
     472F    __moduchar_rrx_hds
     4736    __moduint_rrx_s
     4742    __moduint_rrx_hds
     474A    __moduschar_rrx_s
     475D    __divschar_rrx_s
     4764    __divschar_rrx_hds
     476B    __modschar_rrx_s
     4772    __modschar_rrx_hds
     4779    __divsint_rrx_s
     4785    __divsint_rrx_hds
     478D    __modsint_rrx_s
     4799    __modsint_rrx_hds
     47A1    __divuchar_rrx_s
     47A8    __divuchar_rrx_hds
     47AF    __divuint_rrx_s
     47BB    __divuint_rrx_hds
     47C3    __divsuchar_rrx_s
     47D2    __modsuchar_rrx_s
     47E1    __divuschar_rrx_s
     47F4    .mod8
     47F4    __div8
     47FC    .mod16
     47FC    __div16
     4832    .modu8
     4832    __divu8
     4835    .modu16
     4835    __divu16

Hexadecimal

Area                               Addr   Size   Decimal Bytes (Attributes)
--------------------------------   ----   ----   ------- ----- ------------
_DATA                              4867   455F =  17759. bytes (REL,CON)

      Value  Global
   --------  --------------------------------
     4967    _tri_lookup_x
     4987    _twelvetimes
     49BB    _eighttimes
     49EF    _tri_lookup_y
     4A2F    _packbuffer
     88AF    _scratch
     892F    _cur_palette
     894F    _block_palette
     896F    _twister_palette
     898F    _tf_palette
     89AF    _boxes_palette
     89CF    _vbicount
     89D1    _tick
     89D3    _cmd
     89EA    _yofff
     89EB    _cc
     89F0    _block_init
     89F1    _bsx
     89F3    _bsy
     89F5    _btx
     89F7    _bty
     89F9    _btab
     8A19    _flof
     8A1B    _linenum
     8A1D    _lx
     8A1E    _ly
     8A1F    _ff
     8A21    _twinited
     8A23    _bulbflipper
     8A25    _ff1
     8A27    _ff2
     8A29    _ender
     8A2B    _enderdir
     8A2D    _sy
     8A37    _anim_init
     8A39    _boxes_init
     8A3A    _buffer
     8A3C    _prevx
     8A3E    _prevy
     8A40    _boxes_x
     8A45    _boxes_y
     8A4F    _boxi
     8A50    _bx
     8A52    _by
     8A54    _bt
     8A56    _bo
     8A58    _bonc
     8A5A    _pbx
     8A5C    _pbt
     8A5E    _boxes_of
     8A68    _prevbox_of
     8A69    _initwave
     8A6A    _buf
     8A6C    _ffa
     8A6E    _tri_inited
     8A6F    _tilei
     8A71    _tilex
     8A73    _tiley
     8A75    _tiletick
     8A76    _tripal
     8A7F    _tripaltick
     8A80    _tripaltick2
     8A81    _triframes
     8A83    _powatick
     8A85    _powa
     8A87    _onceclear
     8A88    _sceneindex
     8A8A    _timeindex
     8A8C    _scenepointers
     8A9A    _scenetimings
     8AB6    _heap_top
     8ABC    _storage
     8ABE    _storage2
     8AC0    _last_error
     8CC1    _sintab
     8DC1    _old_isr







Hexadecimal

Area                               Addr   Size   Decimal Bytes (Attributes)
--------------------------------   ----   ----   ------- ----- ------------
_HEAP                              96B8   0000 =      0. bytes (REL,CON)

      Value  Global
   --------  --------------------------------
     96B8    _HEAP_start
MODULES
	FILE demo.o
		NAME demo
	FILE crt0msx_msxdos_biisi.o
	FILE bitbuster.o
	FILE sample.o
	FILE putchar.o
	FILE getchar.o
	FILE dos.o
	FILE vdp.o
	FILE arkos.o
	FILE conio.o
		NAME conio
	FILE mem.o
		NAME mem
	FILE heap.o
		NAME heap
	FILE interrupt.o
	FILE msxlib.o
		NAME msxlib
LIBRARIES
	LIBRARY ./z80.lib
		MODULE crt0_rle.o
	LIBRARY ./z80.lib
		MODULE mod.o
	LIBRARY ./z80.lib
		MODULE divsigned.o
	LIBRARY ./z80.lib
		MODULE div.o
USERBASEDEF
	_CODE = 0x040c
	_DATA = 0x0000
