                              1 ;--------------------------------------------------------
                              2 ; File Created by SDCC : free open source ANSI-C Compiler
                              3 ; Version 3.6.0 #9615 (Mac OS X x86_64)
                              4 ;--------------------------------------------------------
                              5 	.module heap
                              6 	.optsdcc -mz80
                              7 	
                              8 ;--------------------------------------------------------
                              9 ; Public variables in this module
                             10 ;--------------------------------------------------------
                             11 	.globl _malloc
                             12 ;--------------------------------------------------------
                             13 ; special function registers
                             14 ;--------------------------------------------------------
                             15 ;--------------------------------------------------------
                             16 ; ram data
                             17 ;--------------------------------------------------------
                             18 	.area _DATA
                             19 ;--------------------------------------------------------
                             20 ; ram data
                             21 ;--------------------------------------------------------
                             22 	.area _INITIALIZED
                             23 ;--------------------------------------------------------
                             24 ; absolute external ram data
                             25 ;--------------------------------------------------------
                             26 	.area _DABS (ABS)
                             27 ;--------------------------------------------------------
                             28 ; global & static initialisations
                             29 ;--------------------------------------------------------
                             30 	.area _HOME
                             31 	.area _GSINIT
                             32 	.area _GSFINAL
                             33 	.area _GSINIT
                             34 ;--------------------------------------------------------
                             35 ; Home
                             36 ;--------------------------------------------------------
                             37 	.area _HOME
                             38 	.area _HOME
                             39 ;--------------------------------------------------------
                             40 ; code
                             41 ;--------------------------------------------------------
                             42 	.area _CODE
                             43 ;heap.c:7: void *malloc(uint16_t size) {
                             44 ;	---------------------------------
                             45 ; Function malloc
                             46 ; ---------------------------------
   0000                      47 _malloc::
                             48 ;heap.c:8: uint8_t *ret = heap_top;
   0000 ED 4Br00r00   [20]   49 	ld	bc,(_heap_top)
                             50 ;heap.c:9: heap_top += size;
   0004 21 02 00      [10]   51 	ld	hl,#2
   0007 39            [11]   52 	add	hl,sp
   0008 D5            [11]   53 	push	de
   0009 FD 21r00r00   [14]   54 	ld	iy,#_heap_top
   000D FD E5         [15]   55 	push	iy
   000F D1            [10]   56 	pop	de
   0010 1A            [ 7]   57 	ld	a,(de)
   0011 86            [ 7]   58 	add	a, (hl)
   0012 12            [ 7]   59 	ld	(de),a
   0013 13            [ 6]   60 	inc	de
   0014 1A            [ 7]   61 	ld	a,(de)
   0015 23            [ 6]   62 	inc	hl
   0016 8E            [ 7]   63 	adc	a, (hl)
   0017 12            [ 7]   64 	ld	(de),a
   0018 D1            [10]   65 	pop	de
                             66 ;heap.c:10: return (void *) ret;
   0019 69            [ 4]   67 	ld	l, c
   001A 60            [ 4]   68 	ld	h, b
   001B C9            [10]   69 	ret
                             70 	.area _CODE
                             71 	.area _INITIALIZER
                             72 	.area _CABS (ABS)
